// Jest Snapshot v1, https://goo.gl/fbAQLP

exports[`Transition basic 1`] = `
<ReactCSSTransitionGroup
  className={null}
  component="div"
  transitionAppear={false}
  transitionEnter={true}
  transitionEnterTimeout={220}
  transitionLeave={true}
  transitionLeaveTimeout={220}
  transitionName="c-transition-push"
/>
`;
